// Jest Snapshot v1, https://goo.gl/fbAQLP

exports[`renders homepage unchanged 1`] = `
<div>
  <div>
    <main
      class="main"
    >
      <h1
        class="heading"
      >
        Meteo App
      </h1>
      <div
        class="search"
      >
        <input
          class="input"
          placeholder="Search for a location"
          type="text"
        />
      </div>
    </main>
  </div>
</div>
`;
